<?xml version="1.0" encoding="UTF-8"?>
<testsuites>
    <testsuite name="search-lumia;when-i-enter-text-in-search" tests="3" failures="1" skipped="2">
        <properties>
            <property name="URI" value="/Applications/AMPPS/www/MVT19/lumia-2020-vue/tests/selenium/features/search.feature">
            </property>
        </properties>
        <testcase name="Given that I&apos;m at the search page" classname="search-lumia;when-i-enter-text-in-search" time="10.012899652">
            <failure message="function timed out after 10000 milliseconds">function timed out after 10000 milliseconds</failure>
        </testcase>
        <testcase name="When I enter search text &quot;taklampa&quot;" classname="search-lumia;when-i-enter-text-in-search">
            <skipped message="">
            </skipped>
        </testcase>
        <testcase name="Then the first test result should contain the word &quot;taklampa&quot;" classname="search-lumia;when-i-enter-text-in-search">
            <skipped message="">
            </skipped>
        </testcase>
    </testsuite>
</testsuites>